[1/2] 加载 510300 日线（含分红口径）...
      区间 2013-01-04 ~ 2026-09-30，共 3338 个交易日
[2/2] 开始 backtrader 回测 ...
  仓位区间 17.3% ~ 100.0%，平均 84.8%
============================================================
进阶1 波动率目标策略（backtrader · 沪深300ETF）
============================================================
初始资金        : 1,000,000 元
期末资产        : 2,037,550 元
累计收益率      :   103.76%
年化收益率      :     5.52%
基准累计收益率  :    72.62%
超额收益(vs基准):    31.14%
最大回撤        :   -35.39%
夏普比率        :     0.45
年化波动率      :    14.32%
日胜率          :    50.50%
总成交笔数      : 344
累计换手率      :  4088.80%  (累计成交额/初始资金)
回测区间        : 2013-01-04 ~ 2026-09-30（3338 个交易日）
============================================================
[btlab] 图表已保存: results\bt_a01_result.png
