[1/3] 获取沪深300成分股（前 40 只）...
[2/3] 加载日线 ...
  已加载 20/40 ...
  已加载 40/40 ...
[btlab] 股票池：候选 40 只 → 数据可用 38 只
[3/3] 开始 backtrader 回测 ...
  构建业绩公告事件日历（38 只，首次较慢）...
  共 37 只有"好事件"，合计 518 次
============================================================
进阶4 事件驱动策略（backtrader · 业绩超预期）
============================================================
初始资金        : 1,000,000 元
期末资产        : 1,176,881 元
累计收益率      :    17.69%
年化收益率      :     1.95%
基准累计收益率  :     6.61%
超额收益(vs基准):    11.08%
最大回撤        :   -27.40%
夏普比率        :     0.22
年化波动率      :    12.05%
日胜率          :    50.67%
总成交笔数      : 1281
累计换手率      :  8078.50%  (累计成交额/初始资金)
回测区间        : 2018-01-02 ~ 2026-09-30（2123 个交易日）
============================================================
[btlab] 图表已保存: results\bt_a04_result.png
