[1/3] 从已上市转债中取发行规模最大的 60 只 ...
      候选 60 只（上市时间均早于 2019-01-01）
[2/3] 加载转债日线并检查数据覆盖度 ...
      数据可用转债 11 只（覆盖度 >= 50%）
[3/3] 开始 backtrader 回测 ...
============================================================
进阶5 可转债双低策略（backtrader · 价格+溢价率）
============================================================
初始资金        : 1,000,000 元
期末资产        : 1,422,800 元
累计收益率      :    42.28%
年化收益率      :     5.81%
基准累计收益率  :    32.55%
超额收益(vs基准):     9.73%
最大回撤        :    -9.83%
夏普比率        :     0.78
年化波动率      :     7.59%
日胜率          :    52.15%
总成交笔数      : 171
累计换手率      :  2263.56%  (累计成交额/初始资金)
回测区间        : 2019-01-02 ~ 2025-06-30（1573 个交易日）
============================================================
[btlab] 图表已保存: results\bt_a05_result.png
