[1/3] 获取沪深300成分股（前 40 只）...
[2/3] 加载日线 ...
  已加载 20/40 ...
  已加载 40/40 ...
[btlab] 股票池：候选 40 只 → 数据可用 36 只
[3/3] 开始 backtrader 回测 ...
  预加载估值面板（PB / 市值）...
  [2016-05-03] 样本不足（0/400），暂用 20 日动量兜底
  [2016-06-01] 样本不足（0/400），暂用 20 日动量兜底
  [2016-07-01] 样本不足（0/400），暂用 20 日动量兜底
  [2016-08-01] 样本不足（0/400），暂用 20 日动量兜底
  [2016-09-01] 样本不足（0/400），暂用 20 日动量兜底
  [2016-10-10] 样本不足（0/400），暂用 20 日动量兜底
  [2016-11-01] 样本不足（0/400），暂用 20 日动量兜底
  [2016-12-01] 样本不足（0/400），暂用 20 日动量兜底
  [2017-01-03] 样本不足（0/400），暂用 20 日动量兜底
  [2017-02-03] 样本不足（0/400），暂用 20 日动量兜底
  [2017-03-01] 样本不足（0/400），暂用 20 日动量兜底
  [2017-04-05] 样本不足（0/400），暂用 20 日动量兜底
  [2017-05-02] 样本不足（0/400），暂用 20 日动量兜底
  [2017-06-01] 样本不足（0/400），暂用 20 日动量兜底
  [2017-07-03] 样本不足（0/400），暂用 20 日动量兜底
  [2017-08-01] 样本不足（0/400），暂用 20 日动量兜底
  [2017-09-01] 样本不足（0/400），暂用 20 日动量兜底
  [2017-10-09] 样本不足（0/400），暂用 20 日动量兜底
  [2017-11-01] 样本不足（0/400），暂用 20 日动量兜底
  [2017-12-01] 样本不足（0/400），暂用 20 日动量兜底
  [2018-01-02] 样本不足（0/400），暂用 20 日动量兜底
  [2018-02-01] 样本不足（35/400），暂用 20 日动量兜底
  [2018-03-01] 样本不足（36/400），暂用 20 日动量兜底
  [2018-04-02] 样本不足（108/400），暂用 20 日动量兜底
  [2018-05-02] 样本不足（108/400），暂用 20 日动量兜底
  [2018-06-01] 样本不足（178/400），暂用 20 日动量兜底
  [2018-07-02] 样本不足（212/400），暂用 20 日动量兜底
  [2018-08-01] 样本不足（248/400），暂用 20 日动量兜底
  [2018-09-03] 样本不足（284/400），暂用 20 日动量兜底
  [2018-10-08] 样本不足（284/400），暂用 20 日动量兜底
  [2018-11-01] 样本不足（318/400），暂用 20 日动量兜底
  [2018-12-03] 样本不足（388/400），暂用 20 日动量兜底
  模型特征重要性：mom20=0.21, mom60=0.16, vol20=0.14, vol_ratio=0.17, pb_z=0.23, logmv_z=0.10
  [2019-01-02] ML 因子合成（样本 424 条）预期收益最高 6.43%
  [2019-02-01] ML 因子合成（样本 459 条）预期收益最高 2.75%
  [2019-03-01] ML 因子合成（样本 460 条）预期收益最高 6.03%
  [2019-04-01] ML 因子合成（样本 532 条）预期收益最高 8.10%
  [2019-05-06] ML 因子合成（样本 567 条）预期收益最高 6.75%
  [2019-06-03] ML 因子合成（样本 601 条）预期收益最高 9.24%
  [2019-07-01] ML 因子合成（样本 603 条）预期收益最高 9.42%
  [2019-08-01] ML 因子合成（样本 675 条）预期收益最高 9.90%
  [2019-09-02] ML 因子合成（样本 710 条）预期收益最高 16.78%
  [2019-10-08] ML 因子合成（样本 746 条）预期收益最高 8.76%
  [2019-11-01] ML 因子合成（样本 747 条）预期收益最高 10.84%
  [2019-12-02] ML 因子合成（样本 819 条）预期收益最高 7.38%
  [2020-01-02] ML 因子合成（样本 854 条）预期收益最高 11.46%
  [2020-02-03] ML 因子合成（样本 854 条）预期收益最高 8.47%
  [2020-03-02] ML 因子合成（样本 926 条）预期收益最高 16.16%
  [2020-04-01] ML 因子合成（样本 961 条）预期收益最高 14.53%
  [2020-05-06] ML 因子合成（样本 997 条）预期收益最高 9.71%
  [2020-06-01] ML 因子合成（样本 997 条）预期收益最高 11.38%
  [2020-07-01] ML 因子合成（样本 1066 条）预期收益最高 11.59%
  [2020-08-03] ML 因子合成（样本 1101 条）预期收益最高 9.47%
  [2020-09-01] ML 因子合成（样本 1136 条）预期收益最高 7.41%
  [2020-10-09] ML 因子合成（样本 1171 条）预期收益最高 11.94%
  [2020-11-02] ML 因子合成（样本 1171 条）预期收益最高 8.29%
  [2020-12-01] ML 因子合成（样本 1241 条）预期收益最高 10.59%
  [2021-01-04] ML 因子合成（样本 1276 条）预期收益最高 7.62%
  [2021-02-01] ML 因子合成（样本 1311 条）预期收益最高 7.88%
  [2021-03-01] ML 因子合成（样本 1311 条）预期收益最高 9.65%
  [2021-04-01] ML 因子合成（样本 1381 条）预期收益最高 9.24%
  [2021-05-06] ML 因子合成（样本 1414 条）预期收益最高 7.29%
  [2021-06-01] ML 因子合成（样本 1416 条）预期收益最高 5.99%
  [2021-07-01] ML 因子合成（样本 1485 条）预期收益最高 8.51%
  [2021-08-02] ML 因子合成（样本 1520 条）预期收益最高 13.91%
  [2021-09-01] ML 因子合成（样本 1556 条）预期收益最高 8.62%
  [2021-10-08] ML 因子合成（样本 1592 条）预期收益最高 14.77%
  [2021-11-01] ML 因子合成（样本 1592 条）预期收益最高 16.97%
  [2021-12-01] ML 因子合成（样本 1664 条）预期收益最高 8.18%
  [2022-01-04] ML 因子合成（样本 1700 条）预期收益最高 9.35%
  [2022-02-07] ML 因子合成（样本 1700 条）预期收益最高 11.79%
  [2022-03-01] ML 因子合成（样本 1736 条）预期收益最高 7.16%
  [2022-04-01] ML 因子合成（样本 1808 条）预期收益最高 9.19%
  [2022-05-05] ML 因子合成（样本 1808 条）预期收益最高 13.20%
  [2022-06-01] ML 因子合成（样本 1844 条）预期收益最高 7.59%
  [2022-07-01] ML 因子合成（样本 1916 条）预期收益最高 8.21%
  [2022-08-01] ML 因子合成（样本 1952 条）预期收益最高 17.01%
  [2022-09-01] ML 因子合成（样本 1987 条）预期收益最高 8.84%
  [2022-10-10] ML 因子合成（样本 2023 条）预期收益最高 11.60%
  [2022-11-01] ML 因子合成（样本 2023 条）预期收益最高 30.38%
  [2022-12-01] ML 因子合成（样本 2095 条）预期收益最高 12.79%
  [2023-01-03] ML 因子合成（样本 2128 条）预期收益最高 17.81%
  [2023-02-01] ML 因子合成（样本 2131 条）预期收益最高 8.32%
  [2023-03-01] ML 因子合成（样本 2203 条）预期收益最高 16.50%
  [2023-04-03] ML 因子合成（样本 2239 条）预期收益最高 18.89%
  [2023-05-04] ML 因子合成（样本 2239 条）预期收益最高 15.66%
  [2023-06-01] ML 因子合成（样本 2311 条）预期收益最高 17.81%
  [2023-07-03] ML 因子合成（样本 2347 条）预期收益最高 12.95%
  [2023-08-01] ML 因子合成（样本 2383 条）预期收益最高 7.87%
  [2023-09-01] ML 因子合成（样本 2419 条）预期收益最高 12.29%
  [2023-10-09] ML 因子合成（样本 2455 条）预期收益最高 12.42%
  [2023-11-01] ML 因子合成（样本 2455 条）预期收益最高 11.16%
  [2023-12-01] ML 因子合成（样本 2527 条）预期收益最高 15.83%
  [2024-01-02] ML 因子合成（样本 2562 条）预期收益最高 15.88%
  [2024-02-01] ML 因子合成（样本 2598 条）预期收益最高 16.97%
  [2024-03-01] ML 因子合成（样本 2598 条）预期收益最高 17.17%
  [2024-04-01] ML 因子合成（样本 2670 条）预期收益最高 18.85%
  [2024-05-06] ML 因子合成（样本 2706 条）预期收益最高 14.77%
  [2024-06-03] ML 因子合成（样本 2742 条）预期收益最高 17.29%
  [2024-07-01] ML 因子合成（样本 2742 条）预期收益最高 19.78%
  [2024-08-01] ML 因子合成（样本 2814 条）预期收益最高 14.67%
  [2024-09-02] ML 因子合成（样本 2850 条）预期收益最高 15.25%
  [2024-10-08] ML 因子合成（样本 2850 条）预期收益最高 5.53%
  [2024-11-01] ML 因子合成（样本 2886 条）预期收益最高 12.93%
  [2024-12-02] ML 因子合成（样本 2958 条）预期收益最高 11.84%
  [2025-01-02] ML 因子合成（样本 2994 条）预期收益最高 18.52%
  [2025-02-05] ML 因子合成（样本 2994 条）预期收益最高 27.01%
  [2025-03-03] ML 因子合成（样本 3030 条）预期收益最高 18.84%
  [2025-04-01] ML 因子合成（样本 3102 条）预期收益最高 12.40%
  [2025-05-06] ML 因子合成（样本 3138 条）预期收益最高 10.78%
  [2025-06-03] ML 因子合成（样本 3138 条）预期收益最高 11.02%
  [2025-07-01] ML 因子合成（样本 3210 条）预期收益最高 9.07%
  [2025-08-01] ML 因子合成（样本 3246 条）预期收益最高 10.41%
  [2025-09-01] ML 因子合成（样本 3282 条）预期收益最高 6.38%
  [2025-10-09] ML 因子合成（样本 3318 条）预期收益最高 8.23%
  [2025-11-03] ML 因子合成（样本 3318 条）预期收益最高 7.92%
  [2025-12-01] ML 因子合成（样本 3390 条）预期收益最高 8.29%
  [2026-01-05] ML 因子合成（样本 3426 条）预期收益最高 9.55%
  [2026-02-02] ML 因子合成（样本 3462 条）预期收益最高 5.39%
  [2026-03-02] ML 因子合成（样本 3462 条）预期收益最高 9.11%
  [2026-04-01] ML 因子合成（样本 3534 条）预期收益最高 12.29%
  [2026-05-06] ML 因子合成（样本 3570 条）预期收益最高 5.89%
  [2026-06-01] ML 因子合成（样本 3570 条）预期收益最高 9.72%
  [2026-07-01] ML 因子合成（样本 3642 条）预期收益最高 14.29%
  [2026-08-03] ML 因子合成（样本 3678 条）预期收益最高 13.52%
  [2026-09-01] ML 因子合成（样本 3714 条）预期收益最高 6.09%
============================================================
进阶8 机器学习因子合成（backtrader · 梯度提升树）
============================================================
初始资金        : 1,000,000 元
期末资产        : 7,996,123 元
累计收益率      :   699.61%
年化收益率      :    22.22%
基准累计收益率  :    25.61%
超额收益(vs基准):   674.00%
最大回撤        :   -31.01%
夏普比率        :     0.98
年化波动率      :    23.19%
日胜率          :    53.06%
总成交笔数      : 1922
累计换手率      : 45115.23%  (累计成交额/初始资金)
回测区间        : 2016-01-04 ~ 2026-09-30（2611 个交易日）
============================================================
[btlab] 图表已保存: results\bt_a08_result.png
