[1/2] 加载 7 只 ETF 日线 ...
      上证50ETF(510050): 2014-01-02 ~ 2026-09-30  3100 行
      沪深300ETF(510300): 2014-01-02 ~ 2026-09-30  3100 行
      中证500ETF(510500): 2014-01-02 ~ 2026-09-30  3098 行
      创业板ETF(159915): 2014-01-02 ~ 2026-09-30  3099 行
      黄金ETF(518880): 2014-01-02 ~ 2026-09-30  3100 行
      纳指ETF(513100): 2014-01-02 ~ 2026-09-30  3099 行
      国债ETF(511010): 2014-01-02 ~ 2026-09-30  3100 行
[2/2] 开始 backtrader 回测 ...
  [2015-09-01] 风险开关触发（最强动量 -0.63%）→ 转入 国债ETF
  [2018-05-02] 风险开关触发（最强动量 -0.41%）→ 转入 国债ETF
  [2022-02-07] 风险开关触发（最强动量 -0.11%）→ 转入 国债ETF
============================================================
进阶6 ETF轮动策略（backtrader · 6 类资产 + 国债避险开关）
============================================================
初始资金        : 1,000,000 元
期末资产        : 3,526,767 元
累计收益率      :   252.68%
年化收益率      :    10.79%
基准累计收益率  :    87.67%
超额收益(vs基准):   165.01%
最大回撤        :   -54.07%
夏普比率        :     0.46
年化波动率      :    30.41%
日胜率          :    54.04%
总成交笔数      : 573
累计换手率      : 28441.63%  (累计成交额/初始资金)
回测区间        : 2014-01-02 ~ 2026-09-30（3100 个交易日）
============================================================
[btlab] 图表已保存: results\bt_a06_result.png
