[1/3] 获取沪深300成分股（前 40 只）...
[2/3] 加载日线 ...
  已加载 20/40 ...
  已加载 40/40 ...
[btlab] 股票池：候选 40 只 → 数据可用 35 只
[3/3] 开始 backtrader 回测 ...
============================================================
进阶9 短期超跌反弹（backtrader · 日线降频版）
============================================================
初始资金        : 1,000,000 元
期末资产        : 3,228,856 元
累计收益率      :   222.89%
年化收益率      :    10.90%
基准累计收益率  :    19.66%
超额收益(vs基准):   203.22%
最大回撤        :   -66.75%
夏普比率        :     0.50
年化波动率      :    28.83%
日胜率          :    51.67%
总成交笔数      : 1809
累计换手率      : 169037.17%  (累计成交额/初始资金)
回测区间        : 2015-01-05 ~ 2026-09-30（2855 个交易日）
============================================================
[btlab] 图表已保存: results\bt_a09_result.png
