[1/3] 获取沪深300成分股（前 40 只）...
[2/3] 加载日线 ...
  已加载 20/40 ...
  已加载 40/40 ...
[btlab] 股票池：候选 40 只 → 数据可用 35 只
[3/3] 开始 backtrader 回测 ...
============================================================
进阶10 舆情情绪策略（backtrader · 量价情绪代理因子）
============================================================
初始资金        : 1,000,000 元
期末资产        : 2,766,493 元
累计收益率      :   176.65%
年化收益率      :     9.40%
基准累计收益率  :    19.66%
超额收益(vs基准):   156.99%
最大回撤        :   -49.17%
夏普比率        :     0.46
年化波动率      :    27.94%
日胜率          :    52.88%
总成交笔数      : 2060
累计换手率      : 24423.36%  (累计成交额/初始资金)
回测区间        : 2015-01-05 ~ 2026-09-30（2855 个交易日）
============================================================
[btlab] 图表已保存: results\bt_a10_result.png
