[1/3] 获取申万一级行业列表 ...
      共 31 个行业
[2/3] 加载行业指数日线 ...
      可用行业指数 31 个
[3/3] 开始 backtrader 回测 ...
============================================================
进阶2 行业轮动策略（backtrader · 申万一级行业指数）
============================================================
初始资金        : 1,000,000 元
期末资产        : 1,797,171 元
累计收益率      :    79.72%
年化收益率      :     3.70%
基准累计收益率  :    23.26%
超额收益(vs基准):    56.45%
最大回撤        :   -26.23%
夏普比率        :     0.44
年化波动率      :     9.19%
日胜率          :    53.10%
总成交笔数      : 408
累计换手率      :  9702.92%  (累计成交额/初始资金)
回测区间        : 2010-01-04 ~ 2026-09-30（4067 个交易日）
============================================================
[btlab] 图表已保存: results\bt_a02_result.png
