[1/3] 获取沪深300成分股（前 40 只）...
[2/3] 加载日线 ...
  已加载 20/40 ...
  已加载 40/40 ...
[btlab] 股票池：候选 40 只 → 数据可用 38 只
[3/3] 开始 backtrader 回测 ...
  预加载因子面板（PB / 市值 / ROE）...
  加载沪深300指数 PE（月度，2005 年起）...
  [2018-05-02] 估值分位 41% → 均衡
  [2018-06-01] 估值分位 38% → 均衡
  [2018-07-02] 估值分位 31% → 均衡
  [2018-08-01] 估值分位 32% → 均衡
  [2018-09-03] 估值分位 22% → 低估 → 进攻
  [2018-10-08] 估值分位 29% → 低估 → 进攻
  [2018-11-01] 估值分位 19% → 低估 → 进攻
  [2018-12-03] 估值分位 18% → 低估 → 进攻
  [2019-01-02] 估值分位 15% → 低估 → 进攻
  [2019-02-01] 估值分位 22% → 低估 → 进攻
  [2019-03-01] 估值分位 36% → 均衡
  [2019-04-01] 估值分位 41% → 均衡
  [2019-05-06] 估值分位 37% → 均衡
  [2019-06-03] 估值分位 30% → 均衡
  [2019-07-01] 估值分位 37% → 均衡
  [2019-08-01] 估值分位 37% → 均衡
  [2019-09-02] 估值分位 31% → 均衡
  [2019-10-08] 估值分位 32% → 均衡
  [2019-11-01] 估值分位 30% → 均衡
  [2019-12-02] 估值分位 29% → 低估 → 进攻
  [2020-01-02] 估值分位 40% → 均衡
  [2020-02-03] 估值分位 35% → 均衡
  [2020-03-02] 估值分位 30% → 低估 → 进攻
  [2020-04-01] 估值分位 22% → 低估 → 进攻
  [2020-05-06] 估值分位 34% → 均衡
  [2020-06-01] 估值分位 31% → 均衡
  [2020-07-01] 估值分位 43% → 均衡
  [2020-08-03] 估值分位 60% → 均衡
  [2020-09-01] 估值分位 67% → 均衡
  [2020-10-09] 估值分位 62% → 均衡
  [2020-11-02] 估值分位 63% → 均衡
  [2020-12-01] 估值分位 70% → 均衡
  [2021-01-04] 估值分位 74% → 高估 → 防守
  [2021-02-01] 估值分位 75% → 高估 → 防守
  [2021-03-01] 估值分位 74% → 高估 → 防守
  [2021-04-01] 估值分位 67% → 均衡
  [2021-05-06] 估值分位 56% → 均衡
  [2021-06-01] 估值分位 64% → 均衡
  [2021-07-01] 估值分位 66% → 均衡
  [2021-08-02] 估值分位 53% → 均衡
  [2021-09-01] 估值分位 41% → 均衡
  [2021-10-08] 估值分位 44% → 均衡
  [2021-11-01] 估值分位 46% → 均衡
  [2021-12-01] 估值分位 38% → 均衡
  [2022-01-04] 估值分位 55% → 均衡
  [2022-02-07] 估值分位 42% → 均衡
  [2022-03-01] 估值分位 44% → 均衡
  [2022-04-01] 估值分位 30% → 低估 → 进攻
  [2022-05-05] 估值分位 21% → 低估 → 进攻
  [2022-06-01] 估值分位 23% → 低估 → 进攻
  [2022-07-01] 估值分位 39% → 均衡
  [2022-08-01] 估值分位 25% → 低估 → 进攻
  [2022-09-01] 估值分位 20% → 低估 → 进攻
  [2022-10-10] 估值分位 15% → 低估 → 进攻
  [2022-11-01] 估值分位 9% → 低估 → 进攻
  [2022-12-01] 估值分位 17% → 低估 → 进攻
  [2023-01-03] 估值分位 17% → 低估 → 进攻
  [2023-02-01] 估值分位 25% → 低估 → 进攻
  [2023-03-01] 估值分位 23% → 低估 → 进攻
  [2023-04-03] 估值分位 25% → 低估 → 进攻
  [2023-05-04] 估值分位 29% → 低估 → 进攻
  [2023-06-01] 估值分位 21% → 低估 → 进攻
  [2023-07-03] 估值分位 21% → 低估 → 进攻
  [2023-08-01] 估值分位 28% → 低估 → 进攻
  [2023-09-01] 估值分位 21% → 低估 → 进攻
  [2023-10-09] 估值分位 20% → 低估 → 进攻
  [2023-11-01] 估值分位 17% → 低估 → 进攻
  [2023-12-01] 估值分位 15% → 低估 → 进攻
  [2024-01-02] 估值分位 14% → 低估 → 进攻
  [2024-02-01] 估值分位 12% → 低估 → 进攻
  [2024-03-01] 估值分位 22% → 低估 → 进攻
  [2024-04-01] 估值分位 26% → 低估 → 进攻
  [2024-05-06] 估值分位 35% → 均衡
  [2024-06-03] 估值分位 33% → 均衡
  [2024-07-01] 估值分位 33% → 均衡
  [2024-08-01] 估值分位 28% → 低估 → 进攻
  [2024-09-02] 估值分位 21% → 低估 → 进攻
  [2024-10-08] 估值分位 53% → 均衡
  [2024-11-01] 估值分位 36% → 均衡
  [2024-12-02] 估值分位 39% → 均衡
  [2025-01-02] 估值分位 44% → 均衡
  [2025-02-05] 估值分位 39% → 均衡
  [2025-03-03] 估值分位 41% → 均衡
  [2025-04-01] 估值分位 40% → 均衡
  [2025-05-06] 估值分位 33% → 均衡
  [2025-06-03] 估值分位 38% → 均衡
  [2025-07-01] 估值分位 48% → 均衡
  [2025-08-01] 估值分位 50% → 均衡
  [2025-09-01] 估值分位 62% → 均衡
  [2025-10-09] 估值分位 62% → 均衡
  [2025-11-03] 估值分位 62% → 均衡
  [2025-12-01] 估值分位 60% → 均衡
  [2026-01-05] 估值分位 63% → 均衡
  [2026-02-02] 估值分位 63% → 均衡
  [2026-03-02] 估值分位 62% → 均衡
  [2026-04-01] 估值分位 62% → 均衡
  [2026-05-06] 估值分位 69% → 均衡
  [2026-06-01] 估值分位 67% → 均衡
  [2026-07-01] 估值分位 66% → 均衡
  [2026-08-03] 估值分位 66% → 均衡
  [2026-09-01] 估值分位 58% → 均衡
============================================================
进阶7 因子择时策略（backtrader · 估值分位动态权重）
============================================================
初始资金        : 1,000,000 元
期末资产        : 3,088,103 元
累计收益率      :   208.81%
年化收益率      :    14.32%
基准累计收益率  :     6.61%
超额收益(vs基准):   202.20%
最大回撤        :   -32.64%
夏普比率        :     0.69
年化波动率      :    23.36%
日胜率          :    51.98%
总成交笔数      : 1318
累计换手率      : 13576.88%  (累计成交额/初始资金)
回测区间        : 2018-01-02 ~ 2026-09-30（2123 个交易日）
============================================================
[btlab] 图表已保存: results\bt_a07_result.png
