[1/3] 获取沪深300成分股（前 40 只）...
[2/3] 加载日线 ...
  已加载 20/40 ...
  已加载 40/40 ...
[btlab] 股票池：候选 40 只 → 数据可用 38 只
[3/3] 开始 backtrader 回测 ...
  预加载市值面板 ...
============================================================
策略6 双因子组合选股（backtrader · 动量+市值 排序打分）
============================================================
初始资金        : 1,000,000 元
期末资产        : 8,836,258 元
累计收益率      :   783.63%
年化收益率      :    29.52%
基准累计收益率  :     6.61%
超额收益(vs基准):   777.01%
最大回撤        :   -26.40%
夏普比率        :     1.17
年化波动率      :    24.73%
日胜率          :    53.35%
总成交笔数      : 1210
累计换手率      : 19054.72%  (累计成交额/初始资金)
回测区间        : 2018-01-02 ~ 2026-09-30（2123 个交易日）
============================================================
[btlab] 图表已保存: results\bt_s06_result.png
