[1/3] 获取沪深300成分股（前 40 只）...
[2/3] 加载 40 只股票日线（前复权）...
  已加载 20/40 ...
  已加载 40/40 ...
[btlab] 股票池：候选 40 只 → 数据可用 35 只
[3/3] 开始 backtrader 回测 ...
============================================================
策略2 单因子动量选股（backtrader · 沪深300成分股）
============================================================
初始资金        : 1,000,000 元
期末资产        : 2,650,180 元
累计收益率      :   165.02%
年化收益率      :     8.98%
基准累计收益率  :    19.66%
超额收益(vs基准):   145.35%
最大回撤        :   -49.75%
夏普比率        :     0.45
年化波动率      :    27.02%
日胜率          :    51.95%
总成交笔数      : 1723
累计换手率      : 16828.36%  (累计成交额/初始资金)
回测区间        : 2015-01-05 ~ 2026-09-30（2855 个交易日）
============================================================
[btlab] 图表已保存: results\bt_s02_result.png
