[1/3] 获取沪深300成分股（前 40 只）...
[2/3] 加载日线 ...
  已加载 20/40 ...
  已加载 40/40 ...
[btlab] 股票池：候选 40 只 → 数据可用 38 只
[3/3] 开始 backtrader 回测 ...
  预加载 38 只股票的市值面板 ...
============================================================
策略4 单因子小市值选股（backtrader · 因子=total_mv）
============================================================
初始资金        : 1,000,000 元
期末资产        : 7,899,298 元
累计收益率      :   689.93%
年化收益率      :    27.80%
基准累计收益率  :     6.61%
超额收益(vs基准):   683.32%
最大回撤        :   -29.58%
夏普比率        :     1.19
年化波动率      :    22.88%
日胜率          :    54.05%
总成交笔数      : 1058
累计换手率      :  7357.39%  (累计成交额/初始资金)
回测区间        : 2018-01-02 ~ 2026-09-30（2123 个交易日）
============================================================
[btlab] 图表已保存: results\bt_s04_result.png
