[1/3] 获取沪深300成分股（前 40 只）...
[2/3] 加载日线 ...
  已加载 20/40 ...
  已加载 40/40 ...
[btlab] 股票池：候选 40 只 → 数据可用 36 只
[3/3] 开始 backtrader 回测 ...
  [2016-05-03] 样本不足（0/400），暂用 20 日动量兜底
  [2016-06-01] 样本不足（28/400），暂用 20 日动量兜底
  [2016-07-01] 样本不足（61/400），暂用 20 日动量兜底
  [2016-08-01] 样本不足（94/400），暂用 20 日动量兜底
  [2016-09-01] 样本不足（125/400），暂用 20 日动量兜底
  [2016-10-10] 样本不足（156/400），暂用 20 日动量兜底
  [2016-11-01] 样本不足（156/400），暂用 20 日动量兜底
  [2016-12-01] 样本不足（219/400），暂用 20 日动量兜底
  [2017-01-03] 样本不足（250/400），暂用 20 日动量兜底
  [2017-02-03] 样本不足（254/400），暂用 20 日动量兜底
  [2017-03-01] 样本不足（289/400），暂用 20 日动量兜底
  [2017-04-05] 样本不足（358/400），暂用 20 日动量兜底
  [2017-05-02] 样本不足（359/400），暂用 20 日动量兜底
  [2017-06-01] ML 预测（样本 426 条）最高上涨概率 0.774
  [2017-07-03] ML 预测（样本 461 条）最高上涨概率 0.825
  [2017-08-01] ML 预测（样本 494 条）最高上涨概率 0.735
  [2017-09-01] ML 预测（样本 531 条）最高上涨概率 0.806
  [2017-10-09] ML 预测（样本 565 条）最高上涨概率 0.793
  [2017-11-01] ML 预测（样本 567 条）最高上涨概率 0.830
  [2017-12-01] ML 预测（样本 639 条）最高上涨概率 0.746
  [2018-01-02] ML 预测（样本 673 条）最高上涨概率 0.790
  [2018-02-01] ML 预测（样本 709 条）最高上涨概率 0.686
  [2018-03-01] ML 预测（样本 710 条）最高上涨概率 0.725
  [2018-04-02] ML 预测（样本 782 条）最高上涨概率 0.726
  [2018-05-02] ML 预测（样本 782 条）最高上涨概率 0.731
  [2018-06-01] ML 预测（样本 852 条）最高上涨概率 0.744
  [2018-07-02] ML 预测（样本 886 条）最高上涨概率 0.637
  [2018-08-01] ML 预测（样本 922 条）最高上涨概率 0.802
  [2018-09-03] ML 预测（样本 958 条）最高上涨概率 0.787
  [2018-10-08] ML 预测（样本 958 条）最高上涨概率 0.747
  [2018-11-01] ML 预测（样本 992 条）最高上涨概率 0.647
  [2018-12-03] ML 预测（样本 1062 条）最高上涨概率 0.741
  [2019-01-02] ML 预测（样本 1098 条）最高上涨概率 0.713
  [2019-02-01] ML 预测（样本 1133 条）最高上涨概率 0.683
  [2019-03-01] ML 预测（样本 1134 条）最高上涨概率 0.547
  [2019-04-01] ML 预测（样本 1206 条）最高上涨概率 0.640
  [2019-05-06] ML 预测（样本 1241 条）最高上涨概率 0.646
  [2019-06-03] ML 预测（样本 1275 条）最高上涨概率 0.733
  [2019-07-01] ML 预测（样本 1277 条）最高上涨概率 0.718
  [2019-08-01] ML 预测（样本 1349 条）最高上涨概率 0.620
  [2019-09-02] ML 预测（样本 1384 条）最高上涨概率 0.694
  [2019-10-08] ML 预测（样本 1420 条）最高上涨概率 0.653
  [2019-11-01] ML 预测（样本 1421 条）最高上涨概率 0.660
  [2019-12-02] ML 预测（样本 1493 条）最高上涨概率 0.628
  [2020-01-02] ML 预测（样本 1528 条）最高上涨概率 0.683
  [2020-02-03] ML 预测（样本 1528 条）最高上涨概率 0.738
  [2020-03-02] ML 预测（样本 1600 条）最高上涨概率 0.648
  [2020-04-01] ML 预测（样本 1635 条）最高上涨概率 0.775
  [2020-05-06] ML 预测（样本 1671 条）最高上涨概率 0.816
  [2020-06-01] ML 预测（样本 1671 条）最高上涨概率 0.634
  [2020-07-01] ML 预测（样本 1740 条）最高上涨概率 0.634
  [2020-08-03] ML 预测（样本 1775 条）最高上涨概率 0.640
  [2020-09-01] ML 预测（样本 1810 条）最高上涨概率 0.655
  [2020-10-09] ML 预测（样本 1845 条）最高上涨概率 0.794
  [2020-11-02] ML 预测（样本 1845 条）最高上涨概率 0.761
  [2020-12-01] ML 预测（样本 1915 条）最高上涨概率 0.651
  [2021-01-04] ML 预测（样本 1950 条）最高上涨概率 0.654
  [2021-02-01] ML 预测（样本 1985 条）最高上涨概率 0.782
  [2021-03-01] ML 预测（样本 1985 条）最高上涨概率 0.692
  [2021-04-01] ML 预测（样本 2055 条）最高上涨概率 0.773
  [2021-05-06] ML 预测（样本 2088 条）最高上涨概率 0.662
  [2021-06-01] ML 预测（样本 2090 条）最高上涨概率 0.613
  [2021-07-01] ML 预测（样本 2159 条）最高上涨概率 0.749
  [2021-08-02] ML 预测（样本 2194 条）最高上涨概率 0.784
  [2021-09-01] ML 预测（样本 2230 条）最高上涨概率 0.753
  [2021-10-08] ML 预测（样本 2266 条）最高上涨概率 0.740
  [2021-11-01] ML 预测（样本 2266 条）最高上涨概率 0.745
  [2021-12-01] ML 预测（样本 2338 条）最高上涨概率 0.595
  [2022-01-04] ML 预测（样本 2374 条）最高上涨概率 0.748
  [2022-02-07] ML 预测（样本 2374 条）最高上涨概率 0.745
  [2022-03-01] ML 预测（样本 2410 条）最高上涨概率 0.627
  [2022-04-01] ML 预测（样本 2482 条）最高上涨概率 0.748
  [2022-05-05] ML 预测（样本 2482 条）最高上涨概率 0.724
  [2022-06-01] ML 预测（样本 2518 条）最高上涨概率 0.600
  [2022-07-01] ML 预测（样本 2590 条）最高上涨概率 0.634
  [2022-08-01] ML 预测（样本 2626 条）最高上涨概率 0.625
  [2022-09-01] ML 预测（样本 2661 条）最高上涨概率 0.718
  [2022-10-10] ML 预测（样本 2697 条）最高上涨概率 0.746
  [2022-11-01] ML 预测（样本 2697 条）最高上涨概率 0.833
  [2022-12-01] ML 预测（样本 2769 条）最高上涨概率 0.619
  [2023-01-03] ML 预测（样本 2802 条）最高上涨概率 0.664
  [2023-02-01] ML 预测（样本 2805 条）最高上涨概率 0.610
  [2023-03-01] ML 预测（样本 2877 条）最高上涨概率 0.615
  [2023-04-03] ML 预测（样本 2913 条）最高上涨概率 0.619
  [2023-05-04] ML 预测（样本 2913 条）最高上涨概率 0.635
  [2023-06-01] ML 预测（样本 2985 条）最高上涨概率 0.599
  [2023-07-03] ML 预测（样本 3021 条）最高上涨概率 0.597
  [2023-08-01] ML 预测（样本 3057 条）最高上涨概率 0.638
  [2023-09-01] ML 预测（样本 3093 条）最高上涨概率 0.719
  [2023-10-09] ML 预测（样本 3129 条）最高上涨概率 0.578
  [2023-11-01] ML 预测（样本 3129 条）最高上涨概率 0.848
  [2023-12-01] ML 预测（样本 3201 条）最高上涨概率 0.558
  [2024-01-02] ML 预测（样本 3236 条）最高上涨概率 0.597
  [2024-02-01] ML 预测（样本 3272 条）最高上涨概率 0.815
  [2024-03-01] ML 预测（样本 3272 条）最高上涨概率 0.585
  [2024-04-01] ML 预测（样本 3344 条）最高上涨概率 0.584
  [2024-05-06] ML 预测（样本 3380 条）最高上涨概率 0.587
  [2024-06-03] ML 预测（样本 3416 条）最高上涨概率 0.620
  [2024-07-01] ML 预测（样本 3416 条）最高上涨概率 0.686
  [2024-08-01] ML 预测（样本 3488 条）最高上涨概率 0.808
  [2024-09-02] ML 预测（样本 3524 条）最高上涨概率 0.579
  [2024-10-08] ML 预测（样本 3524 条）最高上涨概率 0.551
  [2024-11-01] ML 预测（样本 3560 条）最高上涨概率 0.527
  [2024-12-02] ML 预测（样本 3632 条）最高上涨概率 0.554
  [2025-01-02] ML 预测（样本 3668 条）最高上涨概率 0.595
  [2025-02-05] ML 预测（样本 3668 条）最高上涨概率 0.588
  [2025-03-03] ML 预测（样本 3704 条）最高上涨概率 0.583
  [2025-04-01] ML 预测（样本 3776 条）最高上涨概率 0.650
  [2025-05-06] ML 预测（样本 3812 条）最高上涨概率 0.579
  [2025-06-03] ML 预测（样本 3812 条）最高上涨概率 0.590
  [2025-07-01] ML 预测（样本 3884 条）最高上涨概率 0.600
  [2025-08-01] ML 预测（样本 3920 条）最高上涨概率 0.548
  [2025-09-01] ML 预测（样本 3956 条）最高上涨概率 0.581
  [2025-10-09] ML 预测（样本 3992 条）最高上涨概率 0.568
  [2025-11-03] ML 预测（样本 3992 条）最高上涨概率 0.573
  [2025-12-01] ML 预测（样本 4064 条）最高上涨概率 0.632
  [2026-01-05] ML 预测（样本 4100 条）最高上涨概率 0.581
  [2026-02-02] ML 预测（样本 4136 条）最高上涨概率 0.517
  [2026-03-02] ML 预测（样本 4136 条）最高上涨概率 0.620
  [2026-04-01] ML 预测（样本 4208 条）最高上涨概率 0.647
  [2026-05-06] ML 预测（样本 4244 条）最高上涨概率 0.590
  [2026-06-01] ML 预测（样本 4244 条）最高上涨概率 0.788
  [2026-07-01] ML 预测（样本 4316 条）最高上涨概率 0.834
  [2026-08-03] ML 预测（样本 4352 条）最高上涨概率 0.851
  [2026-09-01] ML 预测（样本 4388 条）最高上涨概率 0.714
============================================================
策略10 机器学习选股（backtrader · 随机森林）
============================================================
初始资金        : 1,000,000 元
期末资产        : 4,800,745 元
累计收益率      :   380.07%
年化收益率      :    16.35%
基准累计收益率  :    25.61%
超额收益(vs基准):   354.46%
最大回撤        :   -33.65%
夏普比率        :     0.83
年化波动率      :    20.86%
日胜率          :    52.19%
总成交笔数      : 2047
累计换手率      : 41735.48%  (累计成交额/初始资金)
回测区间        : 2016-01-04 ~ 2026-09-30（2611 个交易日）
============================================================
[btlab] 图表已保存: results\bt_s10_result.png
