[1/3] 获取沪深300成分股（前 40 只）...
[2/3] 加载日线 ...
  已加载 20/40 ...
  已加载 40/40 ...
[btlab] 股票池：候选 40 只 → 数据可用 38 只
[3/3] 开始 backtrader 回测 ...
  预加载市值面板 ...
  构建行业映射（首次较慢，之后读缓存）...
  行业映射：16/31 个申万一级行业可用，共 2710 只股票
============================================================
策略8 因子中性化选股（backtrader · 动量 对 市值+行业 中性化）
============================================================
初始资金        : 1,000,000 元
期末资产        : 2,808,882 元
累计收益率      :   180.89%
年化收益率      :    13.04%
基准累计收益率  :     6.61%
超额收益(vs基准):   174.28%
最大回撤        :   -33.21%
夏普比率        :     0.62
年化波动率      :    24.78%
日胜率          :    51.78%
总成交笔数      : 1334
累计换手率      : 12518.51%  (累计成交额/初始资金)
回测区间        : 2018-01-02 ~ 2026-09-30（2123 个交易日）
============================================================
[btlab] 图表已保存: results\bt_s08_result.png
