[1/3] 获取沪深300成分股（前 40 只）...
[2/3] 加载日线 ...
  已加载 20/40 ...
  已加载 40/40 ...
[btlab] 股票池：候选 40 只 → 数据可用 38 只
[3/3] 开始 backtrader 回测 ...
  预加载 38 只股票的 ROE 面板（首次较慢，之后读缓存）...
  [2018-01-02] ROE 最高 47.21%
  [2018-02-01] ROE 最高 47.21%
  [2018-03-01] ROE 最高 57.89%
  [2018-04-02] ROE 最高 57.89%
  [2018-05-02] ROE 最高 57.89%
  [2018-06-01] ROE 最高 10.43%
  [2018-07-02] ROE 最高 10.43%
  [2018-08-01] ROE 最高 10.43%
  [2018-09-03] ROE 最高 26.77%
  [2018-10-08] ROE 最高 26.77%
  [2018-11-01] ROE 最高 26.77%
  [2018-12-03] ROE 最高 35.55%
  [2019-01-02] ROE 最高 35.55%
  [2019-02-01] ROE 最高 35.55%
  [2019-03-01] ROE 最高 41.00%
  [2019-04-01] ROE 最高 41.00%
  [2019-05-06] ROE 最高 41.00%
  [2019-06-03] ROE 最高 9.73%
  [2019-07-01] ROE 最高 9.73%
  [2019-08-01] ROE 最高 9.73%
  [2019-09-02] ROE 最高 17.58%
  [2019-10-08] ROE 最高 17.58%
  [2019-11-01] ROE 最高 17.58%
  [2019-12-02] ROE 最高 25.96%
  [2020-01-02] ROE 最高 25.96%
  [2020-02-03] ROE 最高 25.96%
  [2020-03-02] ROE 最高 32.98%
  [2020-04-01] ROE 最高 32.98%
  [2020-05-06] ROE 最高 32.98%
  [2020-06-01] ROE 最高 9.40%
  [2020-07-01] ROE 最高 9.40%
  [2020-08-03] ROE 最高 9.40%
  [2020-09-01] ROE 最高 19.25%
  [2020-10-09] ROE 最高 19.25%
  [2020-11-02] ROE 最高 19.25%
  [2020-12-01] ROE 最高 55.62%
  [2021-01-04] ROE 最高 55.62%
  [2021-02-01] ROE 最高 55.62%
  [2021-03-01] ROE 最高 49.51%
  [2021-04-01] ROE 最高 49.51%
  [2021-05-06] ROE 最高 49.51%
  [2021-06-01] ROE 最高 16.12%
  [2021-07-01] ROE 最高 16.12%
  [2021-08-02] ROE 最高 16.12%
  [2021-09-01] ROE 最高 33.81%
  [2021-10-08] ROE 最高 33.81%
  [2021-11-01] ROE 最高 33.81%
  [2021-12-01] ROE 最高 43.04%
  [2022-01-04] ROE 最高 43.04%
  [2022-02-07] ROE 最高 43.04%
  [2022-03-01] ROE 最高 47.97%
  [2022-04-01] ROE 最高 47.97%
  [2022-05-05] ROE 最高 47.97%
  [2022-06-01] ROE 最高 27.12%
  [2022-07-01] ROE 最高 27.12%
  [2022-08-01] ROE 最高 27.12%
  [2022-09-01] ROE 最高 49.39%
  [2022-10-10] ROE 最高 49.39%
  [2022-11-01] ROE 最高 49.39%
  [2022-12-01] ROE 最高 54.77%
  [2023-01-03] ROE 最高 54.77%
  [2023-02-01] ROE 最高 54.77%
  [2023-03-01] ROE 最高 61.79%
  [2023-04-03] ROE 最高 61.79%
  [2023-05-04] ROE 最高 61.79%
  [2023-06-01] ROE 最高 10.04%
  [2023-07-03] ROE 最高 10.04%
  [2023-08-01] ROE 最高 10.04%
  [2023-09-01] ROE 最高 20.21%
  [2023-10-09] ROE 最高 20.21%
  [2023-11-01] ROE 最高 20.21%
  [2023-12-01] ROE 最高 27.33%
  [2024-01-02] ROE 最高 27.33%
  [2024-02-01] ROE 最高 27.33%
  [2024-03-01] ROE 最高 32.00%
  [2024-04-01] ROE 最高 32.00%
  [2024-05-06] ROE 最高 32.00%
  [2024-06-03] ROE 最高 9.89%
  [2024-07-01] ROE 最高 9.89%
  [2024-08-01] ROE 最高 9.89%
  [2024-09-02] ROE 最高 19.21%
  [2024-10-08] ROE 最高 19.21%
  [2024-11-01] ROE 最高 19.21%
  [2024-12-02] ROE 最高 25.52%
  [2025-01-02] ROE 最高 25.52%
  [2025-02-05] ROE 最高 25.52%
  [2025-03-03] ROE 最高 30.28%
  [2025-04-01] ROE 最高 30.28%
  [2025-05-06] ROE 最高 30.28%
  [2025-06-03] ROE 最高 10.03%
  [2025-07-01] ROE 最高 10.03%
  [2025-08-01] ROE 最高 10.03%
  [2025-09-01] ROE 最高 16.47%
  [2025-10-09] ROE 最高 16.47%
  [2025-11-03] ROE 最高 16.47%
  [2025-12-01] ROE 最高 25.75%
  [2026-01-05] ROE 最高 25.75%
  [2026-02-02] ROE 最高 25.75%
  [2026-03-02] ROE 最高 23.90%
  [2026-04-01] ROE 最高 23.90%
  [2026-05-06] ROE 最高 23.90%
  [2026-06-01] ROE 最高 11.59%
  [2026-07-01] ROE 最高 11.59%
  [2026-08-03] ROE 最高 11.59%
  [2026-09-01] ROE 最高 22.36%
============================================================
策略5 单因子质量选股（backtrader · ROE）
============================================================
初始资金        : 1,000,000 元
期末资产        : 1,622,707 元
累计收益率      :    62.27%
年化收益率      :     5.91%
基准累计收益率  :     6.61%
超额收益(vs基准):    55.66%
最大回撤        :   -42.18%
夏普比率        :     0.36
年化波动率      :    23.07%
日胜率          :    50.57%
总成交笔数      : 895
累计换手率      :  2727.57%  (累计成交额/初始资金)
回测区间        : 2018-01-02 ~ 2026-09-30（2123 个交易日）
============================================================
[btlab] 图表已保存: results\bt_s05_result.png
