[1/2] 加载 510300 日线数据 ...
      区间 2013-01-04 ~ 2026-09-30，共 3338 个交易日
[2/2] 开始 backtrader 回测 ...
============================================================
策略1 双均线趋势跟踪（backtrader · 沪深300ETF）
============================================================
初始资金        : 1,000,000 元
期末资产        : 1,053,063 元
累计收益率      :     5.31%
年化收益率      :     0.39%
基准累计收益率  :    72.62%
超额收益(vs基准):   -67.31%
最大回撤        :   -39.24%
夏普比率        :     0.10
年化波动率      :    13.66%
日胜率          :    48.64%
总成交笔数      : 224
累计换手率      : 23703.32%  (累计成交额/初始资金)
回测区间        : 2013-01-04 ~ 2026-09-30（3338 个交易日）
============================================================
[btlab] 图表已保存: results\bt_s01_result.png
