[1/3] 获取沪深300成分股（前 40 只）...
[2/3] 加载日线 ...
  已加载 20/40 ...
  已加载 40/40 ...
[btlab] 股票池：候选 40 只 → 数据可用 38 只
[3/3] 开始 backtrader 回测 ...
  预加载因子面板（PB / 市值 / ROE）...
  最新一期 IC: {'mom': 0.01, 'roe': 0.387, 'pb': 0.412, 'mv': 0.027}
  最新一期 IC: {'mom': 0.462, 'roe': 0.187, 'pb': 0.237, 'mv': -0.106}
  最新一期 IC: {'mom': -0.417, 'roe': -0.066, 'pb': -0.015, 'mv': -0.044}
  最新一期 IC: {'mom': -0.469, 'roe': -0.477, 'pb': -0.502, 'mv': -0.209}
  最新一期 IC: {'mom': -0.214, 'roe': 0.221, 'pb': -0.099, 'mv': 0.117}
  最新一期 IC: {'mom': 0.311, 'roe': -0.253, 'pb': -0.496, 'mv': 0.329}
  最新一期 IC: {'mom': 0.041, 'roe': -0.323, 'pb': 0.093, 'mv': -0.061}
  最新一期 IC: {'mom': 0.211, 'roe': -0.1, 'pb': -0.291, 'mv': -0.146}
  最新一期 IC: {'mom': -0.153, 'roe': 0.477, 'pb': 0.195, 'mv': 0.57}
  最新一期 IC: {'mom': -0.254, 'roe': -0.417, 'pb': -0.184, 'mv': -0.109}
  最新一期 IC: {'mom': 0.197, 'roe': 0.226, 'pb': 0.116, 'mv': -0.06}
  最新一期 IC: {'mom': 0.071, 'roe': 0.12, 'pb': 0.338, 'mv': 0.043}
  最新一期 IC: {'mom': 0.115, 'roe': -0.208, 'pb': -0.171, 'mv': 0.035}
  最新一期 IC: {'mom': 0.272, 'roe': 0.537, 'pb': 0.332, 'mv': 0.367}
  最新一期 IC: {'mom': -0.261, 'roe': -0.335, 'pb': -0.294, 'mv': -0.207}
  最新一期 IC: {'mom': 0.149, 'roe': 0.121, 'pb': 0.313, 'mv': -0.003}
  最新一期 IC: {'mom': -0.516, 'roe': -0.069, 'pb': -0.351, 'mv': 0.014}
  最新一期 IC: {'mom': 0.08, 'roe': 0.264, 'pb': 0.188, 'mv': 0.094}
  最新一期 IC: {'mom': 0.183, 'roe': -0.301, 'pb': -0.28, 'mv': -0.265}
  最新一期 IC: {'mom': -0.235, 'roe': -0.157, 'pb': -0.209, 'mv': -0.01}
  最新一期 IC: {'mom': -0.055, 'roe': 0.095, 'pb': 0.193, 'mv': -0.202}
  最新一期 IC: {'mom': 0.273, 'roe': -0.209, 'pb': -0.048, 'mv': -0.124}
  最新一期 IC: {'mom': -0.361, 'roe': 0.248, 'pb': 0.106, 'mv': -0.113}
  最新一期 IC: {'mom': 0.097, 'roe': 0.29, 'pb': 0.35, 'mv': 0.072}
  最新一期 IC: {'mom': -0.411, 'roe': 0.12, 'pb': 0.0, 'mv': 0.125}
  最新一期 IC: {'mom': 0.12, 'roe': 0.336, 'pb': 0.299, 'mv': 0.092}
  最新一期 IC: {'mom': 0.16, 'roe': 0.142, 'pb': 0.071, 'mv': -0.181}
  最新一期 IC: {'mom': 0.029, 'roe': 0.27, 'pb': 0.451, 'mv': 0.183}
  最新一期 IC: {'mom': -0.133, 'roe': 0.044, 'pb': -0.139, 'mv': 0.174}
  最新一期 IC: {'mom': 0.486, 'roe': 0.11, 'pb': 0.226, 'mv': 0.315}
  最新一期 IC: {'mom': 0.206, 'roe': -0.306, 'pb': -0.299, 'mv': -0.183}
  最新一期 IC: {'mom': -0.274, 'roe': 0.431, 'pb': 0.629, 'mv': 0.267}
  最新一期 IC: {'mom': 0.091, 'roe': 0.056, 'pb': -0.124, 'mv': -0.04}
  最新一期 IC: {'mom': -0.16, 'roe': -0.112, 'pb': -0.387, 'mv': -0.369}
  最新一期 IC: {'mom': -0.13, 'roe': -0.22, 'pb': -0.222, 'mv': -0.102}
  最新一期 IC: {'mom': 0.265, 'roe': -0.294, 'pb': -0.032, 'mv': -0.164}
  最新一期 IC: {'mom': -0.08, 'roe': -0.208, 'pb': 0.15, 'mv': -0.025}
  最新一期 IC: {'mom': 0.314, 'roe': -0.359, 'pb': -0.199, 'mv': -0.199}
  最新一期 IC: {'mom': 0.308, 'roe': -0.387, 'pb': -0.298, 'mv': -0.415}
  最新一期 IC: {'mom': -0.12, 'roe': 0.034, 'pb': -0.254, 'mv': -0.251}
  最新一期 IC: {'mom': -0.546, 'roe': -0.294, 'pb': -0.298, 'mv': 0.104}
  最新一期 IC: {'mom': -0.08, 'roe': -0.18, 'pb': 0.109, 'mv': -0.152}
  最新一期 IC: {'mom': 0.089, 'roe': -0.153, 'pb': 0.019, 'mv': -0.143}
  最新一期 IC: {'mom': -0.209, 'roe': 0.261, 'pb': 0.071, 'mv': -0.034}
  最新一期 IC: {'mom': -0.422, 'roe': 0.091, 'pb': -0.392, 'mv': -0.076}
  最新一期 IC: {'mom': -0.195, 'roe': 0.019, 'pb': 0.227, 'mv': -0.363}
  最新一期 IC: {'mom': 0.658, 'roe': -0.153, 'pb': -0.278, 'mv': -0.151}
  最新一期 IC: {'mom': -0.183, 'roe': 0.242, 'pb': 0.291, 'mv': 0.337}
  最新一期 IC: {'mom': -0.441, 'roe': -0.13, 'pb': 0.048, 'mv': -0.301}
  最新一期 IC: {'mom': 0.284, 'roe': 0.08, 'pb': 0.022, 'mv': 0.215}
  最新一期 IC: {'mom': 0.281, 'roe': -0.127, 'pb': -0.037, 'mv': -0.333}
  最新一期 IC: {'mom': -0.753, 'roe': -0.11, 'pb': -0.143, 'mv': -0.017}
  最新一期 IC: {'mom': 0.308, 'roe': -0.188, 'pb': -0.004, 'mv': 0.019}
  最新一期 IC: {'mom': -0.348, 'roe': -0.135, 'pb': -0.327, 'mv': -0.484}
  最新一期 IC: {'mom': -0.176, 'roe': 0.014, 'pb': -0.147, 'mv': 0.236}
  最新一期 IC: {'mom': -0.354, 'roe': 0.066, 'pb': 0.312, 'mv': 0.379}
  最新一期 IC: {'mom': -0.136, 'roe': -0.091, 'pb': -0.166, 'mv': 0.106}
  最新一期 IC: {'mom': -0.193, 'roe': -0.077, 'pb': -0.127, 'mv': -0.155}
  最新一期 IC: {'mom': -0.051, 'roe': -0.231, 'pb': -0.038, 'mv': -0.139}
  最新一期 IC: {'mom': 0.194, 'roe': -0.191, 'pb': -0.248, 'mv': -0.375}
  最新一期 IC: {'mom': 0.558, 'roe': -0.154, 'pb': -0.077, 'mv': -0.154}
  最新一期 IC: {'mom': -0.119, 'roe': 0.105, 'pb': -0.038, 'mv': 0.19}
  最新一期 IC: {'mom': -0.434, 'roe': 0.12, 'pb': -0.031, 'mv': 0.03}
  最新一期 IC: {'mom': -0.352, 'roe': -0.007, 'pb': 0.152, 'mv': -0.123}
  最新一期 IC: {'mom': -0.187, 'roe': 0.01, 'pb': -0.191, 'mv': -0.26}
  最新一期 IC: {'mom': 0.522, 'roe': 0.309, 'pb': 0.21, 'mv': 0.22}
  最新一期 IC: {'mom': -0.202, 'roe': -0.251, 'pb': -0.254, 'mv': -0.333}
  最新一期 IC: {'mom': 0.086, 'roe': 0.018, 'pb': -0.218, 'mv': -0.286}
  最新一期 IC: {'mom': 0.133, 'roe': -0.064, 'pb': -0.346, 'mv': 0.093}
  最新一期 IC: {'mom': -0.36, 'roe': -0.014, 'pb': 0.05, 'mv': -0.086}
  最新一期 IC: {'mom': -0.294, 'roe': 0.166, 'pb': 0.227, 'mv': -0.017}
  最新一期 IC: {'mom': 0.03, 'roe': 0.084, 'pb': 0.018, 'mv': -0.089}
  最新一期 IC: {'mom': -0.26, 'roe': -0.17, 'pb': -0.204, 'mv': -0.147}
  最新一期 IC: {'mom': -0.322, 'roe': -0.439, 'pb': -0.425, 'mv': -0.237}
  最新一期 IC: {'mom': 0.258, 'roe': -0.24, 'pb': -0.124, 'mv': 0.099}
  最新一期 IC: {'mom': -0.169, 'roe': 0.218, 'pb': 0.015, 'mv': 0.115}
  最新一期 IC: {'mom': -0.269, 'roe': -0.231, 'pb': -0.279, 'mv': 0.054}
  最新一期 IC: {'mom': -0.314, 'roe': -0.129, 'pb': 0.084, 'mv': -0.338}
  最新一期 IC: {'mom': -0.273, 'roe': -0.155, 'pb': -0.025, 'mv': -0.11}
  最新一期 IC: {'mom': -0.356, 'roe': 0.26, 'pb': 0.065, 'mv': 0.148}
  最新一期 IC: {'mom': 0.231, 'roe': -0.129, 'pb': -0.073, 'mv': -0.35}
  最新一期 IC: {'mom': -0.272, 'roe': -0.106, 'pb': -0.097, 'mv': -0.152}
  最新一期 IC: {'mom': -0.218, 'roe': 0.608, 'pb': 0.179, 'mv': 0.031}
  最新一期 IC: {'mom': -0.016, 'roe': -0.025, 'pb': 0.059, 'mv': -0.026}
  最新一期 IC: {'mom': -0.072, 'roe': 0.036, 'pb': -0.065, 'mv': -0.032}
  最新一期 IC: {'mom': -0.079, 'roe': -0.27, 'pb': -0.078, 'mv': -0.214}
  最新一期 IC: {'mom': 0.393, 'roe': -0.073, 'pb': -0.001, 'mv': -0.182}
  最新一期 IC: {'mom': 0.412, 'roe': 0.043, 'pb': 0.341, 'mv': -0.248}
  最新一期 IC: {'mom': 0.175, 'roe': -0.051, 'pb': 0.104, 'mv': -0.25}
  最新一期 IC: {'mom': -0.199, 'roe': 0.205, 'pb': -0.108, 'mv': -0.043}
  最新一期 IC: {'mom': 0.261, 'roe': 0.48, 'pb': 0.18, 'mv': 0.17}
  最新一期 IC: {'mom': 0.366, 'roe': 0.043, 'pb': 0.234, 'mv': -0.252}
  最新一期 IC: {'mom': 0.348, 'roe': -0.025, 'pb': 0.212, 'mv': -0.148}
  最新一期 IC: {'mom': 0.619, 'roe': -0.099, 'pb': 0.44, 'mv': -0.173}
  最新一期 IC: {'mom': -0.519, 'roe': 0.314, 'pb': -0.163, 'mv': 0.116}
  最新一期 IC: {'mom': 0.373, 'roe': 0.015, 'pb': 0.29, 'mv': 0.034}
  最新一期 IC: {'mom': 0.192, 'roe': 0.017, 'pb': 0.099, 'mv': 0.132}
  最新一期 IC: {'mom': 0.416, 'roe': -0.076, 'pb': 0.234, 'mv': 0.098}
  最新一期 IC: {'mom': -0.867, 'roe': 0.101, 'pb': -0.625, 'mv': -0.331}
  最新一期 IC: {'mom': -0.01, 'roe': 0.195, 'pb': 0.35, 'mv': -0.007}
============================================================
策略9 因子 IC/IR 加权选股（backtrader · 动态权重多因子）
============================================================
初始资金        : 1,000,000 元
期末资产        : 2,281,843 元
累计收益率      :   128.18%
年化收益率      :    10.29%
基准累计收益率  :     6.61%
超额收益(vs基准):   121.57%
最大回撤        :   -33.57%
夏普比率        :     0.54
年化波动率      :    23.40%
日胜率          :    50.90%
总成交笔数      : 1388
累计换手率      : 15432.94%  (累计成交额/初始资金)
回测区间        : 2018-01-02 ~ 2026-09-30（2123 个交易日）
============================================================
[btlab] 图表已保存: results\bt_s09_result.png
