[1/3] 获取沪深300成分股（前 40 只）...
[2/3] 加载日线 ...
  已加载 20/40 ...
  已加载 40/40 ...
[btlab] 股票池：候选 40 只 → 数据可用 38 只
[3/3] 开始 backtrader 回测 ...
  预加载因子面板（PB / 市值 / ROE）...
============================================================
策略7 多因子打分模型（backtrader · ROE/PB/动量/市值 z-score）
============================================================
初始资金        : 1,000,000 元
期末资产        : 3,957,500 元
累计收益率      :   295.75%
年化收益率      :    17.74%
基准累计收益率  :     6.61%
超额收益(vs基准):   289.14%
最大回撤        :   -32.38%
夏普比率        :     0.82
年化波动率      :    23.32%
日胜率          :    52.08%
总成交笔数      : 1278
累计换手率      : 14809.62%  (累计成交额/初始资金)
回测区间        : 2018-01-02 ~ 2026-09-30（2123 个交易日）
============================================================
[btlab] 图表已保存: results\bt_s07_result.png
