[1/3] 获取沪深300成分股（前 40 只）...
[2/3] 加载日线 ...
  已加载 20/40 ...
  已加载 40/40 ...
[btlab] 股票池：候选 40 只 → 数据可用 38 只
[3/3] 开始 backtrader 回测 ...
  预加载 38 只股票的 pb 面板 ...
============================================================
策略3 单因子低估值选股（backtrader · 因子=pb）
============================================================
初始资金        : 1,000,000 元
期末资产        : 2,369,120 元
累计收益率      :   136.91%
年化收益率      :    10.78%
基准累计收益率  :     6.61%
超额收益(vs基准):   130.30%
最大回撤        :   -33.72%
夏普比率        :     0.58
年化波动率      :    21.51%
日胜率          :    49.76%
总成交笔数      : 1067
累计换手率      :  3239.15%  (累计成交额/初始资金)
回测区间        : 2018-01-02 ~ 2026-09-30（2123 个交易日）
============================================================
[btlab] 图表已保存: results\bt_s03_result.png
